211.907  211.91  211.91  134.048  134.054  134.054  60.4539  59.4812  59.4812  
19.6922  19.6974  19.6974  19.6264  19.6974  19.6974  19.7932  19.6973  19.6974  
19.6911  19.6974  19.6974  19.5632  19.6974  19.6974  18.7819  19.6974  19.6974  
19.6919  19.6974  19.6974  19.5162  19.6974  19.6974  17.8268  19.6975  19.6974  
19.695  19.6974  19.6974  19.4991  19.6974  19.6974  17.0632  19.6976  19.6974  
19.702  19.6974  19.6974  20.324  19.6974  19.6974  19.7178  19.6968  19.6974  
20.9053  19.6974  19.6974  2.42137  19.6974  19.6974  96.43  19.6688  19.6974  
