203.123  203.042  203.042  125.055  125.186  125.186  49.9824  50.6283  50.6124  
10.9172  10.8286  10.8288  10.698  10.8293  10.8288  10.1099  10.8444  10.8286  
10.9245  10.8285  10.8288  10.6984  10.8293  10.8287  10.015  10.8443  10.8285  
10.9323  10.8285  10.8288  10.6998  10.8292  10.8287  9.91657  10.844  10.8285  
10.9405  10.8284  10.8288  10.7024  10.8291  10.8287  9.81538  10.8437  10.8285  
11.0009  10.828  10.8288  10.7483  10.828  10.8287  9.20384  10.8382  10.8282  
11.1477  10.8265  10.8287  11.0028  10.8239  10.8285  8.54213  10.8071  10.8274  
