202.933  202.96  202.96  124.811  125.088  125.103  50.0606  50.594  50.5342  
10.7222  10.7466  10.747  10.443  10.7305  10.7461  10.1965  10.8139  10.7505  
10.7248  10.7465  10.747  10.4315  10.73  10.746  10.1106  10.8178  10.7507  
10.7279  10.7464  10.747  10.4202  10.7294  10.746  10.0213  10.8219  10.7509  
10.7312  10.7463  10.747  10.4092  10.7287  10.746  9.92959  10.8261  10.7511  
10.7596  10.7457  10.7471  10.3533  10.7247  10.7457  9.37558  10.8558  10.7523  
8.04359  7.94085  7.94415  7.52694  7.91349  7.94226  5.9481  8.11986  7.95232  
