203.741  204.212  204.199  126.462  126.355  126.343  55.0927  51.3176  51.7646  
11.3904  11.9991  11.9862  11.8011  12.0045  11.9863  14.2287  11.4703  11.9803  
11.2399  11.9994  11.9862  11.4512  12.0119  11.9863  12.9263  11.4034  11.9798  
11.0814  11.9995  11.9862  11.0724  12.0204  11.9863  11.5811  11.3353  11.9792  
10.9175  11.9996  11.9862  10.6772  12.0301  11.9863  10.3114  11.267  11.9786  
9.97984  11.9956  11.9862  8.52078  12.117  11.9864  5.6845  10.915  11.9745  
9.46203  11.9547  11.9862  7.13356  12.3992  11.9866  3.91099  11.0227  11.9672  
