-157.793 -157.793 -157.793 -29.9503 -29.9503 -29.9503 -14.9751 -14.9751 -14.9751 
-2.25138 -2.25138 -2.25138 -0.427328 -0.427328 -0.427328 -0.213664 -0.213664 -0.213664 
-0.915729 -0.915729 -0.915729 -0.173812 -0.173812 -0.173812 -0.0869058 -0.0869058 -0.0869058 
-0.541781 -0.541781 -0.541781 -0.102834 -0.102834 -0.102834 -0.0514169 -0.0514169 -0.0514169 
-0.384179 -0.384179 -0.384179 -0.0729198 -0.0729198 -0.0729198 -0.0364599 -0.0364599 -0.0364599 
-0.262873 -0.262873 -0.262873 -0.0498951 -0.0498951 -0.0498951 -0.0249475 -0.0249475 -0.0249475 
-3.36905 -3.36905 -3.36905 -0.63947 -0.63947 -0.63947 -0.319735 -0.319735 -0.319735 
