12.611
12.6041
12.6041

15.7637
15.7551
15.7551

18.9165
18.9061
18.9061

