211.657
19.3517
19.3124
19.3479
19.4697
21.1107
-4.22514
