50958.5  205800  855333  
28.0507  181.327  4944.88  
0.0615145  0.64218  119.453  
0.000216693  0.00227433  2.8856  
0.000100256  8.05468e-06  0.0697072  
2.13328e-06  6.5063e-12  1.72878e-10  
0.0218807  8.79808e-11  3.76161e-09  
