Array: Raw X Vector
(431.353,9.50827e-15)  (837.048,-147.303)  (766.949,-272.368)  (669.094,-361.633)  (561.833,-412.798)  (459.076,-431.55)  (368.573,-426.687)  (293.076,-406.688)  
Array: Raw Y Vector
(431.353,9.50827e-15)  (836.937,-147.931)  (766.129,-274.667)  (666.638,-366.141)  (556.839,-419.51)  (450.905,-440.081)  (356.919,-436.482)  (277.935,-417.182)  (0,0)  (0,0)  (0,0)  (0,0)  (0,0)  (0,0)  (0,0)  (0,0)  
Array: Raw Z Vector
(1,0)  (1,0.00075)  (0.999996,0.003)  (0.999977,0.00674995)  (0.999928,0.0119997)  (0.999824,0.0187489)  (0.999636,0.0269967)  (0.999325,0.0367417)  (0.999325,0.0367417)  (0.999636,0.0269967)  (0.999824,0.0187489)  (0.999928,0.0119997)  (0.999977,0.00674995)  (0.999996,0.003)  (1,0.00075)  (1,0)  
Array: Transformed Y Vector
(4343.65,-2501.99)  (-563.765,-2418.6)  (277.114,-367.029)  (-140.309,-919.314)  (60.4539,-51.63)  (-2.83166,-514.213)  (-42.7403,110.409)  (82.9568,-270.795)  (-121.175,240.676)  (160.443,-54.4668)  (-204.456,387.631)  (257.608,215.921)  (-330.167,634.907)  (453.523,759.925)  (-531.861,1547.03)  (3203.2,3201.54)  
Array: Transformed Z Vector
(15.9974,0.209974)  (0.0284876,-0.132249)  (-0.0156003,0.034491)  (0.00834221,-0.0114229)  (-0.00622072,0.00577082)  (0.00360748,-0.00218851)  (-0.00252294,0.000933163)  (0.00105255,-0.000161388)  (0,0)  (-0.00103419,-0.000253691)  (0.00244384,0.00112414)  (-0.00340245,-0.00249537)  (0.00577082,0.00622072)  (-0.00736097,-0.0120786)  (0.0133577,0.0354199)  (-0.0242905,-0.133084)  
Array: Raw Xi Vector
(70012.4,-39113.3)  (-335.918,5.65757)  (8.33614,15.2837)  (-11.6717,-6.06637)  (-0.0781189,0.670045)  (-1.13558,-1.84882)  (0.00480128,-0.31844)  (0.0436133,-0.298414)  (-0,0)  (-0.179746,0.0156262)  (-0.935411,0.717467)  (-0.337697,-1.37749)  (-5.85492,1.61006)  (5.84043,-11.0717)  (-61.9002,1.82633)  (348.267,-504.062)  
Array: Transformed Xi Vector
(4372.31,-2475.78)  (4361.13,-2486.85)  (4353.32,-2492.52)  (4348.74,-2492.7)  (4347.28,-2487.26)  (4348.85,-2476.05)  (4353.41,-2458.9)  (4360.88,-2435.67)  (4371.69,-2410.9)  (4384.79,-2393.82)  (4397.16,-2388.27)  (4406.25,-2392.37)  (4410.34,-2403.8)  (4408.57,-2420.16)  (4400.7,-2439.21)  (4387,-2459.03)  
15.4746